   1               		.file	"utils.c"
   2               	__SP_H__ = 0x3e
   3               	__SP_L__ = 0x3d
   4               	__SREG__ = 0x3f
   5               	__tmp_reg__ = 0
   6               	__zero_reg__ = 1
   8               		.text
   9               	.Ltext0:
  61               	.global	constrain
  63               	constrain:
   1:utils.c       **** /*
   2:utils.c       ****  * File Name : constrain.c
   3:utils.c       ****  * Purpose : Various utilities
   4:utils.c       ****  * Creation Date : 2013-01-16
   5:utils.c       ****  * Last Modified : Wed 16 Jan 2013 21:30:36 CET
   6:utils.c       ****  * Created By : Gabriel Fornaeus, <gf@hax0r.se>
   7:utils.c       ****  *
   8:utils.c       ****  */
   9:utils.c       **** 
  10:utils.c       **** #include <stdint.h>
  11:utils.c       **** #include "utils.h"
  12:utils.c       **** /*{{{ Subtracts and adds with overflow protection */
  13:utils.c       **** int16_t constrain(int16_t high, int16_t  low, int16_t  x) {
  65               	.LM0:
  66               	.LFBB1:
  67               	/* prologue: function */
  68               	/* frame size = 0 */
  69               	/* stack size = 0 */
  70               	.L__stack_usage = 0
  71 0000 9A01      		movw r18,r20
  72 0002 8417      		cp r24,r20
  73 0004 9507      		cpc r25,r21
  74 0006 04F4      		brge .L2
  75 0008 9C01      		movw r18,r24
  76               	.L2:
  14:utils.c       **** 	if(x > high) x = high;
  15:utils.c       **** 	if(x < low) x = low;
  16:utils.c       **** 	return x;
  78               	.LM1:
  79 000a 2617      		cp r18,r22
  80 000c 3707      		cpc r19,r23
  81 000e 04F4      		brge .L3
  82 0010 9B01      		movw r18,r22
  83               	.L3:
  17:utils.c       **** }
  85               	.LM2:
  86 0012 C901      		movw r24,r18
  87 0014 0895      		ret
  89               	.Lscope1:
  91               	.Letext0:
  92               		.ident	"GCC: (GNU) 4.7.2"
DEFINED SYMBOLS
                            *ABS*:00000000 utils.c
     /tmp/cccifv62.s:2      *ABS*:0000003e __SP_H__
     /tmp/cccifv62.s:3      *ABS*:0000003d __SP_L__
     /tmp/cccifv62.s:4      *ABS*:0000003f __SREG__
     /tmp/cccifv62.s:5      *ABS*:00000000 __tmp_reg__
     /tmp/cccifv62.s:6      *ABS*:00000001 __zero_reg__
     /tmp/cccifv62.s:63     .text:00000000 constrain

NO UNDEFINED SYMBOLS
